[pharaohsoft.com/index.html]
[backblue.gif]
[fade.gif]
[index.html]
[pharaohsoft.com/wp-content/themes/pharaohsoft/assets/images/favicons/favicon-96x96.png]
[pharaohsoft.com/wp-content/uploads/2022/04/home.png]
[pharaohsoft.com/fr/index.html]
[pharaohsoft.com/wp-includes/css/dist/block-library/style.min1e39.css]
[pharaohsoft.com/wp-content/plugins/contact-form-7/includes/css/styles4999.css]
[pharaohsoft.com/de/index.html]
[pharaohsoft.com/wp-content/plugins/add-search-to-menu/public/css/ivory-search.min5156.css]
[pharaohsoft.com/wp-content/themes/pharaohsoft/assets/css/bootstrap.min.5.2.31e39.css]
[pharaohsoft.com/wp-content/themes/pharaohsoft/assets/css/style1e39.css]
[pharaohsoft.com/wp-content/plugins/add-to-any/addtoany.mind47c.css]
[pharaohsoft.com/wp-includes/js/jquery/jquery.minf43b.js]
[pharaohsoft.com/wp-includes/js/jquery/jquery-migrate.min5589.js]
[pharaohsoft.com/wp-content/plugins/wp-statistics/assets/js/tracker1e39.js]
[pharaohsoft.com/wp-json/wp/v2/pages/14.json]
[pharaohsoft.com/wp-json/index.html]
[pharaohsoft.com/xmlrpc0db0.php]
[pharaohsoft.com/wp-json/oembed/1.0/embed0d6a.json]
[pharaohsoft.com/wp-json/oembed/1.0/embed8bea]
[pharaohsoft.com/about-us/index.html]
[pharaohsoft.com/contact-us/index.html]
[pharaohsoft.com/partners/index.html]
[pharaohsoft.com/company-awards/index.html]
[pharaohsoft.com/team/index.html]
[pharaohsoft.com/insights/index.html]
[pharaohsoft.com/digital-transformation/index.html]
[pharaohsoft.com/product-design/index.html]
[pharaohsoft.com/3d-ecommerce/index.html]
[pharaohsoft.com/data-analytics/index.html]
[pharaohsoft.com/wp-content/themes/pharaohsoft/assets/images/general/trusted-by/pmi.png]
[pharaohsoft.com/wp-content/themes/pharaohsoft/assets/images/general/trusted-by/hari.webp]
[pharaohsoft.com/search/index.html]
[pharaohsoft.com/wp-content/themes/pharaohsoft/assets/images/general/trusted-by/pannelli.webp]
[pharaohsoft.com/wp-content/themes/pharaohsoft/assets/images/general/trusted-by/jumia.webp]
[pharaohsoft.com/wp-content/themes/pharaohsoft/assets/images/general/trusted-by/kolleno.webp]
[pharaohsoft.com/wp-content/themes/pharaohsoft/assets/images/general/trusted-by/rotary.webp]
[pharaohsoft.com/wp-content/themes/pharaohsoft/assets/images/general/trusted-by/vodafone.webp]
[pharaohsoft.com/wp-content/themes/pharaohsoft/assets/images/general/trusted-by/eba.webp]
[pharaohsoft.com/wp-content/themes/pharaohsoft/assets/images/general/trusted-by/u.webp]
[pharaohsoft.com/wp-content/themes/pharaohsoft/assets/images/general/trusted-by/fashionknit.webp]
[pharaohsoft.com/wp-content/themes/pharaohsoft/assets/images/general/trusted-by/levco.webp]
[pharaohsoft.com/wp-content/themes/pharaohsoft/assets/images/general/trusted-by/rdl.webp]
[pharaohsoft.com/wp-content/themes/pharaohsoft/assets/images/general/trusted-by/cauris.webp]
[pharaohsoft.com/wp-content/themes/pharaohsoft/assets/images/general/trusted-by/j-j.webp]
[pharaohsoft.com/wp-content/themes/pharaohsoft/assets/images/general/trusted-by/sts.webp]
[pharaohsoft.com/wp-content/themes/pharaohsoft/assets/images/general/trusted-by/pulse-logo.webp]
[pharaohsoft.com/wp-content/themes/pharaohsoft/assets/images/general/trusted-by/bookment.png]
[pharaohsoft.com/wp-content/themes/pharaohsoft/assets/images/general/trusted-by/leads-construction.png]
[pharaohsoft.com/wp-content/themes/pharaohsoft/assets/images/general/partners/solution.png]
[pharaohsoft.com/wp-content/themes/pharaohsoft/assets/images/general/partners/ibm.png]
[pharaohsoft.com/wp-content/themes/pharaohsoft/assets/images/general/partners/microsoft.png]
[pharaohsoft.com/wp-content/themes/pharaohsoft/assets/images/general/partners/commerce.png]
[pharaohsoft.com/wp-content/themes/pharaohsoft/assets/images/general/partners/qlik.png]
[pharaohsoft.com/wp-content/themes/pharaohsoft/assets/images/general/partners/odoo.png]
[pharaohsoft.com/wp-content/themes/pharaohsoft/assets/images/home/testimonial/mohamed-abdelkader.png]
[pharaohsoft.com/wp-content/themes/pharaohsoft/assets/images/home/testimonial/crouis.webp]
[pharaohsoft.com/wp-content/themes/pharaohsoft/assets/images/home/testimonial/pannelli.png]
[pharaohsoft.com/wp-content/themes/pharaohsoft/assets/images/home/testimonial/mohamed-sabah.png]
[pharaohsoft.com/wp-content/themes/pharaohsoft/assets/images/home/testimonial/fashion.png]
[pharaohsoft.com/wp-content/themes/pharaohsoft/assets/docs/iso.jpg]
[pharaohsoft.com/wp-content/themes/pharaohsoft/assets/images/general/awards/iso9001.webp]
[pharaohsoft.com/wp-content/themes/pharaohsoft/assets/images/general/awards/iso27001.webp]
[pharaohsoft.com/wp-content/themes/pharaohsoft/assets/images/general/awards/top-mobile-app.webp]
[pharaohsoft.com/wp-content/themes/pharaohsoft/assets/images/general/awards/top-b2b.webp]
[pharaohsoft.com/wp-content/themes/pharaohsoft/assets/images/general/awards/software-development.webp]
[pharaohsoft.com/wp-content/themes/pharaohsoft/assets/images/general/awards/top-mobile-software.png]
[pharaohsoft.com/wp-content/themes/pharaohsoft/assets/images/general/awards/techreviewer1.webp]
[pharaohsoft.com/wp-content/uploads/2023/06/ai-augmentation-small-jpeg.webp]
[pharaohsoft.com/wp-content/uploads/2023/06/law-firms-ai-small-jpeg.webp]
[pharaohsoft.com/augmented-working-how-ai-is-enhancing-workplace-productivity/index.html]
[pharaohsoft.com/wp-content/uploads/2023/06/custom-software-development-small-jpeg.webp]
[pharaohsoft.com/harnessing-ai-revolutionizing-legal-services-in-the-digital-age/index.html]
[pharaohsoft.com/wp-content/themes/pharaohsoft/assets/images/home/ready-to-create.png]
[pharaohsoft.com/why-custom-software-development-is-the-right-choice-for-your-business/index.html]
[pharaohsoft.com/wp-content/themes/pharaohsoft/assets/images/general/logo/light-logo.png]
[pharaohsoft.com/wp-content/themes/pharaohsoft/assets/images/general/icons/facebook.svg]
[pharaohsoft.com/wp-content/themes/pharaohsoft/assets/images/general/icons/linkedin.svg]
[pharaohsoft.com/terms-of-use/index.html]
[pharaohsoft.com/wp-content/themes/pharaohsoft/assets/js/jquery-3.6.1.min.js]
[pharaohsoft.com/privacy-policy/index.html]
[pharaohsoft.com/wp-content/themes/pharaohsoft/assets/js/bootstrap.bundle.min.js]
[pharaohsoft.com/wp-content/plugins/contact-form-7/includes/swv/js/index4999.js]
[pharaohsoft.com/wp-content/plugins/contact-form-7/includes/js/index4999.js]
[pharaohsoft.com/wp-content/themes/pharaohsoft/assets/js/main5152.js]
[pharaohsoft.com/wp-includes/js/dist/vendor/wp-polyfill-inert.min0226.js]
[pharaohsoft.com/wp-includes/js/dist/vendor/regenerator-runtime.min6c85.js]
[pharaohsoft.com/wp-includes/js/dist/vendor/wp-polyfill.min2c7c.js]
[pharaohsoft.com/wp-content/plugins/contact-form-7/modules/recaptcha/index4999.js]
[pharaohsoft.com/wp-content/plugins/add-search-to-menu/public/js/ivory-search.min5156.js]
[pharaohsoft.com/index.html]
[pharaohsoft.com/wp-json/wp/v2/pages/145.json]
[pharaohsoft.com/wp-json/oembed/1.0/embed84c1.json]
[pharaohsoft.com/wp-json/oembed/1.0/embed3dbf]
[pharaohsoft.com/fr/a-propos-de-nous/index.html]
[pharaohsoft.com/fr/contact-fr/index.html]
[pharaohsoft.com/fr/prix-et-reconnaissance/index.html]
[pharaohsoft.com/fr/les-partenaires/index.html]
[pharaohsoft.com/fr/equipe/index.html]
[pharaohsoft.com/fr/apercus/index.html]
[pharaohsoft.com/fr/transformation-numerique/index.html]
[pharaohsoft.com/fr/conception-de-produits/index.html]
[pharaohsoft.com/fr/analyse-des-donnees/index.html]
[pharaohsoft.com/wp-content/themes/pharaohsoft/assets/images/home/insights/default-insights.png]
[pharaohsoft.com/fr/commerce-electronique-3d/index.html]
[pharaohsoft.com/fr/travail-augmente-comment-lia-ameliore-la-productivite-en-milieu-de-travail/index.html]
[pharaohsoft.com/fr/exploiter-lia-revolutionner-les-services-juridiques-a-lere-numerique/index.html]
[pharaohsoft.com/fr/clutch-selectionne-pharaoh-soft-comme-le-developpeur-dapplication-le-plus-en-vue-en-egypte-pour-2021/index.html]
[pharaohsoft.com/fr/index.html]
[pharaohsoft.com/fr/conditions-dutilisation/index.html]
[pharaohsoft.com/fr/politique-de-confidentialite/index.html]
[pharaohsoft.com/wp-json/wp/v2/pages/147.json]
[pharaohsoft.com/wp-json/oembed/1.0/embedc325.json]
[pharaohsoft.com/wp-json/oembed/1.0/embeda80c]
[pharaohsoft.com/de/uber-uns/index.html]
[pharaohsoft.com/de/kontakt/index.html]
[pharaohsoft.com/de/auszeichnungen/index.html]
[pharaohsoft.com/de/Partner/index.html]
[pharaohsoft.com/de/das-team/index.html]
[pharaohsoft.com/de/digitale-transformation/index.html]
[pharaohsoft.com/de/einblicke/index.html]
[pharaohsoft.com/de/produktdesign/index.html]
[pharaohsoft.com/de/3d-e-commerce/index.html]
[pharaohsoft.com/de/Datenanalyse/index.html]
[pharaohsoft.com/de/suchen/index.html]
[pharaohsoft.com/de/erweiterte-arbeit-wie-ki-die-produktivitaet-am-arbeitsplatz-steigert/index.html]
[pharaohsoft.com/de/ki-nutzen-die-revolutionierung-der-rechtsberatung-im-digitalen-zeitalter/index.html]
[pharaohsoft.com/de/clutch-waehlt-pharaoh-soft-als-fuehrende-app-entwicklerfirma-aegyptens-fuer-2021-aus/index.html]
[pharaohsoft.com/de/nutzungsbedingungen/index.html]
[pharaohsoft.com/de/datenanalyse/index-2.html]
[pharaohsoft.com/de/index.html]
[pharaohsoft.com/wp-includes/css/dist/block-library/style.min1e39.css]
[pharaohsoft.com/wp-content/plugins/contact-form-7/includes/css/styles4999.css]
[pharaohsoft.com/wp-content/plugins/add-search-to-menu/public/css/ivory-search.min5156.css]
[pharaohsoft.com/wp-content/themes/pharaohsoft/style1e39.css]
[pharaohsoft.com/wp-content/themes/pharaohsoft/assets/css/bootstrap.min.5.2.31e39.css]
[pharaohsoft.com/wp-content/themes/pharaohsoft/assets/images/general/logo/dark-logo.png]
[pharaohsoft.com/wp-content/themes/pharaohsoft/assets/images/home/bg-1.png]
[pharaohsoft.com/de/datenschutz-bestimmungen/index.html]
[pharaohsoft.com/wp-content/themes/pharaohsoft/assets/images/home/bg-2.png]
[pharaohsoft.com/wp-content/themes/pharaohsoft/assets/images/home/bg-3.png]
[pharaohsoft.com/wp-content/themes/pharaohsoft/assets/images/home/services/digital.png]
[pharaohsoft.com/wp-content/themes/pharaohsoft/assets/images/home/services/product.png]
[pharaohsoft.com/wp-content/themes/pharaohsoft/assets/images/home/services/analysis.png]
[pharaohsoft.com/wp-content/themes/pharaohsoft/assets/images/home/services/3d.png]
[pharaohsoft.com/wp-content/themes/pharaohsoft/assets/images/analytics/cover.png]
[pharaohsoft.com/wp-content/themes/pharaohsoft/assets/images/engineering/custom-app/cover.png]
[pharaohsoft.com/wp-content/themes/pharaohsoft/assets/images/ecommerce/cover.png]
[pharaohsoft.com/wp-content/themes/pharaohsoft/assets/images/engineering/3dproducts/samples/imgs/desk.png]
[pharaohsoft.com/wp-content/themes/pharaohsoft/assets/images/engineering/3dproducts/samples/imgs/ring.png]
[pharaohsoft.com/wp-content/themes/pharaohsoft/assets/images/engineering/3dproducts/samples/imgs/sunglasses.png]
[pharaohsoft.com/wp-content/themes/pharaohsoft/assets/images/engineering/3dproducts/samples/imgs/bike.png]
[pharaohsoft.com/wp-content/themes/pharaohsoft/assets/images/engineering/3dproducts/samples/imgs/chair.png]
[pharaohsoft.com/wp-content/themes/pharaohsoft/assets/images/engineering/3dproducts/samples/imgs/watch.png]
[pharaohsoft.com/wp-content/themes/pharaohsoft/assets/images/engineering/3dproducts/samples/gifs/desk.gif]
[pharaohsoft.com/wp-content/themes/pharaohsoft/assets/images/engineering/3dproducts/samples/gifs/ring.gif]
[pharaohsoft.com/wp-content/themes/pharaohsoft/assets/images/engineering/3dproducts/samples/gifs/glasses.gif]
[pharaohsoft.com/wp-content/themes/pharaohsoft/assets/images/engineering/3dproducts/samples/gifs/bike.gif]
[pharaohsoft.com/wp-content/themes/pharaohsoft/assets/images/engineering/3dproducts/samples/gifs/chair.gif]
[pharaohsoft.com/wp-content/themes/pharaohsoft/assets/images/engineering/mobile/cover.png]
[pharaohsoft.com/wp-content/themes/pharaohsoft/assets/images/engineering/support/cover.png]
[pharaohsoft.com/wp-content/themes/pharaohsoft/assets/images/engineering/staff/cover.png]
[pharaohsoft.com/wp-content/themes/pharaohsoft/assets/images/engineering/staff/types/temporary.png]
[pharaohsoft.com/wp-content/themes/pharaohsoft/assets/images/digitaltransfotmation/cover.png]
[pharaohsoft.com/wp-content/themes/pharaohsoft/assets/images/about/about-us/about.png]
[pharaohsoft.com/wp-content/themes/pharaohsoft/assets/images/about/cover.png]
[pharaohsoft.com/wp-content/themes/pharaohsoft/assets/images/about/partners/partnership.png]
[pharaohsoft.com/wp-content/themes/pharaohsoft/assets/images/contact/contact-us-bg.png]
[pharaohsoft.com/wp-content/themes/pharaohsoft/assets/images/contact/egypt.png]
[pharaohsoft.com/wp-content/themes/pharaohsoft/assets/images/contact/usa.png]
[pharaohsoft.com/wp-content/themes/pharaohsoft/assets/images/contact/hong-kong.png]
[pharaohsoft.com/wp-content/themes/pharaohsoft/assets/images/contact/zambia.png]
[pharaohsoft.com/wp-content/themes/pharaohsoft/assets/images/contact/ghana.png]
[pharaohsoft.com/wp-content/themes/pharaohsoft/assets/images/contact/nigiria.png]
[pharaohsoft.com/wp-content/themes/pharaohsoft/assets/images/insights/cover.png]
[pharaohsoft.com/wp-content/themes/pharaohsoft/assets/images/landing/custom/custom-app-devo.png]
[pharaohsoft.com/wp-content/themes/pharaohsoft/assets/images/landing/magento/cover.png]
[pharaohsoft.com/wp-content/themes/pharaohsoft/assets/images/landing/prestashop/cover.png]
[pharaohsoft.com/wp-content/themes/pharaohsoft/assets/images/landing/mobile/cover.png]
[pharaohsoft.com/wp-content/themes/pharaohsoft/assets/images/landing/business/cover.png]
[pharaohsoft.com/wp-content/themes/pharaohsoft/assets/css/style1e39.css]
[pharaohsoft.com/wp-content/plugins/add-to-any/addtoany.mind47c.css]
[pharaohsoft.com/wp-includes/js/jquery/jquery.minf43b.js]
[pharaohsoft.com/wp-includes/js/jquery/jquery-migrate.min5589.js]
[pharaohsoft.com/wp-content/plugins/add-to-any/addtoany.min4963.js]
[pharaohsoft.com/wp-content/themes/pharaohsoft/assets/images/engineering/staff/augmanted-team.png]
[pharaohsoft.com/wp-content/plugins/wp-statistics/assets/js/tracker1e39.js]
[pharaohsoft.com/wp-content/uploads/2022/04/about.png]
[pharaohsoft.com/wp-json/wp/v2/pages/55.json]
[pharaohsoft.com/wp-json/oembed/1.0/embed79e1.json]
[pharaohsoft.com/wp-json/oembed/1.0/embed84a2]
[pharaohsoft.com/wp-content/themes/pharaohsoft/assets/images/about/about-us/icons/customer-focused.svg]
[pharaohsoft.com/wp-content/themes/pharaohsoft/assets/images/about/about-us/icons/quality.svg]
[pharaohsoft.com/wp-content/themes/pharaohsoft/assets/images/about/about-us/icons/passion.svg]
[pharaohsoft.com/wp-content/themes/pharaohsoft/assets/images/about/about-us/icons/team.svg]
[pharaohsoft.com/about-us/index.html]
[pharaohsoft.com/wp-json/wp/v2/pages/61.json]
[pharaohsoft.com/wp-json/oembed/1.0/embedff36.json]
[pharaohsoft.com/wp-json/oembed/1.0/embed9d44]
[pharaohsoft.com/contact-us/index.html]
[pharaohsoft.com/wp-content/uploads/2022/04/awards.png]
[pharaohsoft.com/wp-json/wp/v2/pages/53.json]
[pharaohsoft.com/wp-json/oembed/1.0/embeddc1d.json]
[pharaohsoft.com/wp-json/oembed/1.0/embedf4a6]
[pharaohsoft.com/company-awards/index.html]
[pharaohsoft.com/wp-content/uploads/2022/04/partners.png]
[pharaohsoft.com/de/partner/index-2.html]
[pharaohsoft.com/wp-json/wp/v2/pages/57.json]
[pharaohsoft.com/wp-json/oembed/1.0/embed2703.json]
[pharaohsoft.com/wp-json/oembed/1.0/embed9306]
[pharaohsoft.com/partners/index.html]
[pharaohsoft.com/wp-content/uploads/2022/04/team.png]
[pharaohsoft.com/wp-json/wp/v2/pages/59.json]
[pharaohsoft.com/wp-json/oembed/1.0/embed103f.json]
[pharaohsoft.com/wp-json/oembed/1.0/embed256b]
[pharaohsoft.com/wp-content/themes/pharaohsoft/assets/images/about/team/mahmoud.png]
[pharaohsoft.com/wp-content/themes/pharaohsoft/assets/images/about/team/alex.png]
[pharaohsoft.com/wp-content/themes/pharaohsoft/assets/images/about/team/tom.png]
[pharaohsoft.com/wp-content/themes/pharaohsoft/assets/images/about/team/melanie.png]
[pharaohsoft.com/wp-content/themes/pharaohsoft/assets/images/about/team/mohammed.png]
[pharaohsoft.com/wp-content/themes/pharaohsoft/assets/images/about/team/monika.png]
[pharaohsoft.com/team/index.html]
[pharaohsoft.com/wp-json/wp/v2/pages/63.json]
[pharaohsoft.com/wp-json/oembed/1.0/embed800f.json]
[pharaohsoft.com/wp-json/oembed/1.0/embed8ec1]
[pharaohsoft.com/wp-content/uploads/2023/05/edge-computing-small.jpg]
[pharaohsoft.com/category/agile-transformation/index.html]
[pharaohsoft.com/category/assets-management/index.html]
[pharaohsoft.com/category/digital-transformation/index.html]
[pharaohsoft.com/category/ecommerce/index.html]
[pharaohsoft.com/wp-content/uploads/2023/05/meatverse-small.jpg]
[pharaohsoft.com/category/technology/index.html]
[pharaohsoft.com/category/enterprise-architecture/index.html]
[pharaohsoft.com/category/news/index.html]
[pharaohsoft.com/wp-content/uploads/2023/05/customer-experience-digital-transformation-small.jpg]
[pharaohsoft.com/insights/index.html]
[pharaohsoft.com/beyond-the-hype-a-grounded-perspective-on-the-metaverse-revolution/index.html]
[pharaohsoft.com/how-digital-transformation-is-driving-customer-experience/index.html]
[pharaohsoft.com/how-edge-computing-can-boost-efficiency-and-reduce-expenses/index.html]
[pharaohsoft.com/insights/page/2/index.html]
[pharaohsoft.com/wp-content/uploads/2022/04/digital-transformation.png]
[pharaohsoft.com/wp-json/wp/v2/pages/49.json]
[pharaohsoft.com/wp-json/oembed/1.0/embed7a93.json]
[pharaohsoft.com/wp-json/oembed/1.0/embed8e96]
[pharaohsoft.com/wp-content/themes/pharaohsoft/assets/images/digitaltransfotmation/icons/digital-transformation-consulting.svg]
[pharaohsoft.com/wp-content/themes/pharaohsoft/assets/images/digitaltransfotmation/icons/digital-science.svg]
[pharaohsoft.com/wp-content/themes/pharaohsoft/assets/images/digitaltransfotmation/icons/digital-apps.svg]
[pharaohsoft.com/digital-applications/index.html]
[pharaohsoft.com/wp-content/themes/pharaohsoft/assets/images/digitaltransfotmation/icons/digital-legacy.svg]
[pharaohsoft.com/wp-content/themes/pharaohsoft/assets/images/digitaltransfotmation/icons/digital-process.svg]
[pharaohsoft.com/wp-content/themes/pharaohsoft/assets/images/digitaltransfotmation/icons/digital-iot.svg]
[pharaohsoft.com/digital-transformation/index.html]
[pharaohsoft.com/wp-content/uploads/2022/04/product-design.png]
[pharaohsoft.com/wp-json/wp/v2/pages/47.json]
[pharaohsoft.com/wp-json/oembed/1.0/embeddf26.json]
[pharaohsoft.com/wp-json/oembed/1.0/embed5979]
[pharaohsoft.com/wp-content/themes/pharaohsoft/assets/images/productdesign/tabs/research.svg]
[pharaohsoft.com/wp-content/themes/pharaohsoft/assets/images/productdesign/tabs/analysis.svg]
[pharaohsoft.com/product-design/index.html]
[pharaohsoft.com/wp-content/uploads/2022/04/ecommerce.png]
[pharaohsoft.com/wp-json/wp/v2/pages/34.json]
[pharaohsoft.com/wp-json/oembed/1.0/embed1bef.json]
[pharaohsoft.com/wp-json/oembed/1.0/embedcd4e]
[pharaohsoft.com/wp-content/themes/pharaohsoft/assets/images/ecommerce/icons/shopify.svg]
[pharaohsoft.com/wp-content/themes/pharaohsoft/assets/images/ecommerce/icons/prestashop.svg]
[pharaohsoft.com/wp-content/themes/pharaohsoft/assets/images/ecommerce/icons/magento.svg]
[pharaohsoft.com/wp-content/themes/pharaohsoft/assets/images/ecommerce/icons/woocommerce.svg]
[pharaohsoft.com/wp-content/themes/pharaohsoft/assets/images/ecommerce/icons/opencart.svg]
[pharaohsoft.com/wp-content/themes/pharaohsoft/assets/images/ecommerce/ecommerce.png]
[pharaohsoft.com/wp-content/themes/pharaohsoft/assets/images/general/technologies/ecommerce/magento.png]
[pharaohsoft.com/wp-content/themes/pharaohsoft/assets/images/general/technologies/ecommerce/prestashop.png]
[pharaohsoft.com/wp-content/themes/pharaohsoft/assets/images/general/technologies/ecommerce/shopify.png]
[pharaohsoft.com/wp-content/themes/pharaohsoft/assets/images/general/technologies/ecommerce/woocommerce.png]
[pharaohsoft.com/wp-content/themes/pharaohsoft/assets/images/general/technologies/ecommerce/big-commerce.png]
[pharaohsoft.com/wp-content/themes/pharaohsoft/assets/images/general/case-studies/warshtana.png]
[pharaohsoft.com/wp-content/themes/pharaohsoft/assets/images/general/case-studies/rotary.png]
[pharaohsoft.com/wp-content/themes/pharaohsoft/assets/images/general/case-studies/fashion.png]
[pharaohsoft.com/3d-ecommerce/index.html]
[pharaohsoft.com/wp-content/uploads/2022/04/bi.png]
[pharaohsoft.com/wp-json/wp/v2/pages/7.json]
[pharaohsoft.com/wp-json/oembed/1.0/embed31c5.json]
[pharaohsoft.com/wp-json/oembed/1.0/embed7592]
[pharaohsoft.com/wp-content/themes/pharaohsoft/assets/images/analytics/icons/data-analytics-strategy.svg]
[pharaohsoft.com/wp-content/themes/pharaohsoft/assets/images/analytics/icons/enterprise-data-arch.svg]
[pharaohsoft.com/wp-content/themes/pharaohsoft/assets/images/analytics/icons/data-modernization.svg]
[pharaohsoft.com/wp-content/themes/pharaohsoft/assets/images/analytics/icons/cloud.svg]
[pharaohsoft.com/wp-content/themes/pharaohsoft/assets/images/analytics/icons/visual.svg]
[pharaohsoft.com/wp-content/themes/pharaohsoft/assets/images/analytics/icons/data-analytics.svg]
[pharaohsoft.com/wp-content/themes/pharaohsoft/assets/images/analytics/icons/bi.svg]
[pharaohsoft.com/wp-content/themes/pharaohsoft/assets/images/analytics/icons/data-integration.svg]
[pharaohsoft.com/wp-content/themes/pharaohsoft/assets/images/analytics/icons/training.svg]
[pharaohsoft.com/wp-content/themes/pharaohsoft/assets/images/general/technologies/cloud.png]
[pharaohsoft.com/wp-content/themes/pharaohsoft/assets/images/general/technologies/aws.png]
[pharaohsoft.com/wp-content/themes/pharaohsoft/assets/images/general/technologies/databricks.png]
[pharaohsoft.com/wp-content/themes/pharaohsoft/assets/images/general/technologies/ab.png]
[pharaohsoft.com/wp-content/themes/pharaohsoft/assets/images/general/technologies/power-bi.png]
[pharaohsoft.com/wp-content/themes/pharaohsoft/assets/images/general/technologies/azure.png]
[pharaohsoft.com/wp-content/themes/pharaohsoft/assets/images/general/technologies/qlik.png]
[pharaohsoft.com/wp-content/themes/pharaohsoft/assets/images/general/technologies/snowflake.png]
[pharaohsoft.com/data-analytics/index.html]
[pharaohsoft.com/wp-json/wp/v2/pages/150.json]
[pharaohsoft.com/fr/recherche/index.html]
[pharaohsoft.com/wp-json/oembed/1.0/embed5114.json]
[pharaohsoft.com/wp-json/oembed/1.0/embed21a8]
[pharaohsoft.com/wp-content/uploads/2023/03/oil-gas-small.jpg]
[pharaohsoft.com/wp-content/uploads/2023/03/chatgpt-pharma-small.jpg]
[pharaohsoft.com/digital-transformation-in-the-oil-gas-industry/index.html]
[pharaohsoft.com/how-can-chatgpt-help-the-pharmaceutical-industry/index.html]
[pharaohsoft.com/wp-content/uploads/2023/03/agile-transformation-small.jpg]
[pharaohsoft.com/wp-content/uploads/2023/03/small-size-1.jpg]
[pharaohsoft.com/search/index.html]
[pharaohsoft.com/what-is-agile-transformation-and-how-can-it-help-businesses/index.html]
[pharaohsoft.com/how-to-ensure-security-in-your-next-cloud-migration/index.html]
[pharaohsoft.com/wp-content/uploads/2023/06/ai-augmentation-big-jpeg.webp]
[pharaohsoft.com/wp-json/wp/v2/posts/550.json]
[pharaohsoft.com/augmented-working-how-ai-is-enhancing-workplace-productivity/feed/index.html]
[pharaohsoft.com/wp-json/oembed/1.0/embed9bbd.json]
[pharaohsoft.com/wp-json/oembed/1.0/embed4022]
[pharaohsoft.com/augmented-working-how-ai-is-enhancing-workplace-productivity/index.html]
[pharaohsoft.com/wp-content/uploads/2023/06/law-firms-ai-big-jpeg.webp]
[pharaohsoft.com/wp-json/wp/v2/posts/523.json]
[pharaohsoft.com/harnessing-ai-revolutionizing-legal-services-in-the-digital-age/feed/index.html]
[pharaohsoft.com/wp-json/oembed/1.0/embed1464.json]
[pharaohsoft.com/wp-json/oembed/1.0/embed0e54]
[pharaohsoft.com/harnessing-ai-revolutionizing-legal-services-in-the-digital-age/index.html]
[pharaohsoft.com/wp-content/uploads/2023/06/custom-software-development-big-1-jpeg.webp]
[pharaohsoft.com/wp-json/wp/v2/posts/516.json]
[pharaohsoft.com/why-custom-software-development-is-the-right-choice-for-your-business/feed/index.html]
[pharaohsoft.com/wp-json/oembed/1.0/embedbe69.json]
[pharaohsoft.com/wp-json/oembed/1.0/embed4308]
[pharaohsoft.com/why-custom-software-development-is-the-right-choice-for-your-business/index.html]
[pharaohsoft.com/wp-content/themes/pharaohsoft/assets/images/general/icons/facebook.svg]
[pharaohsoft.com/wp-content/themes/pharaohsoft/assets/images/general/icons/linkedin.svg]
[pharaohsoft.com/wp-json/wp/v2/pages/292.json]
[pharaohsoft.com/custom-application-development/index.html]
[pharaohsoft.com/wp-json/oembed/1.0/embedffb6.json]
[pharaohsoft.com/wp-json/oembed/1.0/embedfae4]
[pharaohsoft.com/terms-of-use/index.html]
[pharaohsoft.com/wp-json/wp/v2/pages/286.json]
[pharaohsoft.com/wp-json/oembed/1.0/embed8cbd.json]
[pharaohsoft.com/wp-json/oembed/1.0/embede415]
[pharaohsoft.com/privacy-policy/index.html]
[pharaohsoft.com/wp-content/themes/pharaohsoft/assets/js/jquery-3.6.1.min.js]
[pharaohsoft.com/wp-content/themes/pharaohsoft/assets/js/bootstrap.bundle.min.js]
[pharaohsoft.com/wp-content/plugins/contact-form-7/includes/swv/js/index4999.js]
[pharaohsoft.com/wp-content/plugins/contact-form-7/includes/js/index4999.js]
[pharaohsoft.com/wp-content/themes/pharaohsoft/assets/js/main5152.js]
[pharaohsoft.com/wp-includes/js/dist/vendor/wp-polyfill-inert.min0226.js]
[pharaohsoft.com/wp-includes/js/dist/vendor/regenerator-runtime.min6c85.js]
[pharaohsoft.com/wp-includes/js/dist/vendor/wp-polyfill.min2c7c.js]
[pharaohsoft.com/wp-content/plugins/contact-form-7/modules/recaptcha/index4999.js]
[pharaohsoft.com/wp-content/plugins/add-search-to-menu/public/js/ivory-search.min5156.js]
[pharaohsoft.com/wp-json/wp/v2/pages/154.json]
[pharaohsoft.com/magento-ecommerce-development-company/index.html]
[pharaohsoft.com/wp-json/oembed/1.0/embed0145.json]
[pharaohsoft.com/wp-json/oembed/1.0/embed1071]
[pharaohsoft.com/fr/a-propos-de-nous/index.html]
[pharaohsoft.com/wp-json/wp/v2/pages/223.json]
[pharaohsoft.com/wp-json/oembed/1.0/embed262a.json]
[pharaohsoft.com/wp-json/oembed/1.0/embedb311]
[pharaohsoft.com/fr/contact-fr/index.html]
[pharaohsoft.com/wp-json/wp/v2/pages/156.json]
[pharaohsoft.com/wp-json/oembed/1.0/embedaaa8.json]
[pharaohsoft.com/wp-json/oembed/1.0/embed4a0b]
[pharaohsoft.com/fr/prix-et-reconnaissance/index.html]
[pharaohsoft.com/wp-json/wp/v2/pages/160.json]
[pharaohsoft.com/wp-json/oembed/1.0/embed6394.json]
[pharaohsoft.com/wp-json/oembed/1.0/embeded9b]
[pharaohsoft.com/fr/les-partenaires/index.html]
[pharaohsoft.com/wp-json/wp/v2/pages/166.json]
[pharaohsoft.com/wp-json/oembed/1.0/embed8376.json]
[pharaohsoft.com/wp-json/oembed/1.0/embed6a92]
[pharaohsoft.com/fr/equipe/index.html]
[pharaohsoft.com/wp-json/wp/v2/pages/239.json]
[pharaohsoft.com/wp-json/oembed/1.0/embedb0e6.json]
[pharaohsoft.com/wp-json/oembed/1.0/embed4f0e]
[pharaohsoft.com/wp-content/uploads/2022/03/2.png]
[pharaohsoft.com/wp-content/uploads/2022/03/1.png]
[pharaohsoft.com/fr/category/gestion-dactifs/index.html]
[pharaohsoft.com/fr/category/larchitecture-dentreprise/index.html]
[pharaohsoft.com/fr/category/la-technologie/index.html]
[pharaohsoft.com/fr/category/transformation-numerique/index.html]
[pharaohsoft.com/fr/category/nouvelles/index.html]
[pharaohsoft.com/fr/apercus/index.html]
[pharaohsoft.com/fr/comment-gerer-la-dette-technique/index.html]
[pharaohsoft.com/fr/methodologie-agile-vs-methodologie-en-cascade-laquelle-est-meilleure-pour-votre-prochain-projet/index.html]
[pharaohsoft.com/wp-json/wp/v2/pages/182.json]
[pharaohsoft.com/wp-json/oembed/1.0/embed97bb.json]
[pharaohsoft.com/wp-json/oembed/1.0/embed7fd0]
[pharaohsoft.com/fr/transformation-numerique/index.html]
[pharaohsoft.com/wp-json/wp/v2/pages/178.json]
[pharaohsoft.com/fr/applications-numeriques/index.html]
[pharaohsoft.com/wp-json/oembed/1.0/embed620f.json]
[pharaohsoft.com/wp-json/oembed/1.0/embed327b]
[pharaohsoft.com/fr/conception-de-produits/index.html]
[pharaohsoft.com/wp-json/wp/v2/pages/210.json]
[pharaohsoft.com/wp-json/oembed/1.0/embed8efc.json]
[pharaohsoft.com/wp-json/oembed/1.0/embed8790]
[pharaohsoft.com/fr/commerce-electronique-3d/index.html]
[pharaohsoft.com/wp-json/wp/v2/pages/202.json]
[pharaohsoft.com/wp-json/oembed/1.0/embed1e46.json]
[pharaohsoft.com/wp-json/oembed/1.0/embed4aa0]
[pharaohsoft.com/fr/analyse-des-donnees/index.html]
[pharaohsoft.com/fr/search-fr.html]
[pharaohsoft.com/wp-json/wp/v2/posts/554.json]
[pharaohsoft.com/fr/travail-augmente-comment-lia-ameliore-la-productivite-en-milieu-de-travail/feed/index.html]
[pharaohsoft.com/wp-json/oembed/1.0/embed018c.json]
[pharaohsoft.com/wp-json/oembed/1.0/embed43df]
[pharaohsoft.com/fr/travail-augmente-comment-lia-ameliore-la-productivite-en-milieu-de-travail/index.html]
[pharaohsoft.com/wp-json/wp/v2/posts/531.json]
[pharaohsoft.com/wp-json/oembed/1.0/embed38ed.json]
[pharaohsoft.com/fr/exploiter-lia-revolutionner-les-services-juridiques-a-lere-numerique/feed/index.html]
[pharaohsoft.com/wp-json/oembed/1.0/embed28c3]
[pharaohsoft.com/fr/exploiter-lia-revolutionner-les-services-juridiques-a-lere-numerique/index.html]
[pharaohsoft.com/wp-content/uploads/2023/05/customer-experience-digital-transformation-large.jpg]
[pharaohsoft.com/wp-json/wp/v2/posts/255.json]
[pharaohsoft.com/clutch-selects-pharaoh-soft-as-egypts-most-prominent-app-developer-for-2021/index.html]
[pharaohsoft.com/fr/clutch-selectionne-pharaoh-soft-comme-le-developpeur-dapplication-le-plus-en-vue-en-egypte-pour-2021/feed/index.html]
[pharaohsoft.com/wp-json/oembed/1.0/embed118d.json]
[pharaohsoft.com/wp-json/oembed/1.0/embedcd98]
[pharaohsoft.com/fr/clutch-selectionne-pharaoh-soft-comme-le-developpeur-dapplication-le-plus-en-vue-en-egypte-pour-2021/index.html]
[pharaohsoft.com/wp-json/wp/v2/pages/294.json]
[pharaohsoft.com/wp-json/oembed/1.0/embed95f0.json]
[pharaohsoft.com/wp-json/oembed/1.0/embedbf05]
[pharaohsoft.com/fr/conditions-dutilisation/index.html]
[pharaohsoft.com/wp-json/wp/v2/pages/288.json]
[pharaohsoft.com/wp-json/oembed/1.0/embed4fe4.json]
[pharaohsoft.com/wp-json/oembed/1.0/embeda2a7]
[pharaohsoft.com/fr/politique-de-confidentialite/index.html]
[pharaohsoft.com/wp-json/wp/v2/pages/152.json]
[pharaohsoft.com/wp-json/oembed/1.0/embed8215.json]
[pharaohsoft.com/wp-json/oembed/1.0/embeddf64]
[pharaohsoft.com/de/uber-uns/index.html]
[pharaohsoft.com/wp-json/wp/v2/pages/225.json]
[pharaohsoft.com/wp-json/oembed/1.0/embed5d9d.json]
[pharaohsoft.com/wp-json/oembed/1.0/embed76d2]
[pharaohsoft.com/de/kontakt/index.html]
[pharaohsoft.com/wp-json/wp/v2/pages/158.json]
[pharaohsoft.com/wp-json/oembed/1.0/embed9e65.json]
[pharaohsoft.com/wp-json/oembed/1.0/embedfce3]
[pharaohsoft.com/de/auszeichnungen/index.html]
[pharaohsoft.com/wp-json/wp/v2/pages/162.json]
[pharaohsoft.com/wp-json/oembed/1.0/embedad98.json]
[pharaohsoft.com/wp-json/oembed/1.0/embedf3b6]
[pharaohsoft.com/de/Partner/index.html]
[pharaohsoft.com/wp-json/wp/v2/pages/168.json]
[pharaohsoft.com/wp-json/oembed/1.0/embed9eaf.json]
[pharaohsoft.com/wp-json/oembed/1.0/embed67a1]
[pharaohsoft.com/de/das-team/index.html]
[pharaohsoft.com/wp-json/wp/v2/pages/241.json]
[pharaohsoft.com/wp-json/oembed/1.0/embed85c2.json]
[pharaohsoft.com/wp-json/oembed/1.0/embeda02c]
[pharaohsoft.com/de/einblicke/index.html]
[pharaohsoft.com/de/category/nachrichten/index.html]
[pharaohsoft.com/de/category/digitale-transformation/index.html]
[pharaohsoft.com/de/category/technologie/index.html]
[pharaohsoft.com/de/category/unternehmensstruktur/index.html]
[pharaohsoft.com/de/category/vermoegensverwaltung/index.html]
[pharaohsoft.com/wp-json/wp/v2/pages/184.json]
[pharaohsoft.com/wp-json/oembed/1.0/embed012c.json]
[pharaohsoft.com/de/wie-man-technische-schulden-verwaltet/index.html]
[pharaohsoft.com/de/agile-vs-waterfall-methodik-welche-ist-besser-fuer-ihr-naechstes-projekt/index.html]
[pharaohsoft.com/wp-json/oembed/1.0/embed1da2]
[pharaohsoft.com/de/digitale-transformation/index.html]
[pharaohsoft.com/wp-json/wp/v2/pages/180.json]
[pharaohsoft.com/de/digitale-anwendungen/index.html]
[pharaohsoft.com/wp-json/oembed/1.0/embed2df3.json]
[pharaohsoft.com/wp-json/oembed/1.0/embed6c39]
[pharaohsoft.com/de/produktdesign/index.html]
[pharaohsoft.com/wp-json/wp/v2/pages/212.json]
[pharaohsoft.com/wp-json/oembed/1.0/embed9573.json]
[pharaohsoft.com/wp-json/oembed/1.0/embed7b16]
[pharaohsoft.com/de/3d-e-commerce/index.html]
[pharaohsoft.com/wp-json/wp/v2/pages/204.json]
[pharaohsoft.com/wp-json/oembed/1.0/embed9afb.json]
[pharaohsoft.com/wp-json/oembed/1.0/embedb13e]
[pharaohsoft.com/de/Datenanalyse/index.html]
[pharaohsoft.com/wp-json/wp/v2/pages/245.json]
[pharaohsoft.com/wp-json/oembed/1.0/embede7f3.json]
[pharaohsoft.com/wp-json/oembed/1.0/embede65c]
[pharaohsoft.com/wp-content/themes/pharaohsoft/assets/images/insights/features/default.png]
[pharaohsoft.com/de/suchen/index.html]
[pharaohsoft.com/wp-json/wp/v2/posts/556.json]
[pharaohsoft.com/wp-json/oembed/1.0/embed200c.json]
[pharaohsoft.com/de/erweiterte-arbeit-wie-ki-die-produktivitaet-am-arbeitsplatz-steigert/feed/index.html]
[pharaohsoft.com/wp-json/oembed/1.0/embed1648]
[pharaohsoft.com/de/erweiterte-arbeit-wie-ki-die-produktivitaet-am-arbeitsplatz-steigert/index.html]
[pharaohsoft.com/wp-json/wp/v2/posts/533.json]
[pharaohsoft.com/wp-json/oembed/1.0/embed9120.json]
[pharaohsoft.com/de/ki-nutzen-die-revolutionierung-der-rechtsberatung-im-digitalen-zeitalter/feed/index.html]
[pharaohsoft.com/wp-json/oembed/1.0/embed28b9]
[pharaohsoft.com/de/ki-nutzen-die-revolutionierung-der-rechtsberatung-im-digitalen-zeitalter/index.html]
[pharaohsoft.com/wp-json/wp/v2/posts/257.json]
[pharaohsoft.com/wp-json/oembed/1.0/embed82dc.json]
[pharaohsoft.com/de/clutch-waehlt-pharaoh-soft-als-fuehrende-app-entwicklerfirma-aegyptens-fuer-2021-aus/feed/index.html]
[pharaohsoft.com/wp-json/oembed/1.0/embed99b6]
[pharaohsoft.com/wp-content/themes/pharaohsoft/assets/images/insights/covers/default-cover.png]
[pharaohsoft.com/de/clutch-waehlt-pharaoh-soft-als-fuehrende-app-entwicklerfirma-aegyptens-fuer-2021-aus/index.html]
[pharaohsoft.com/de/datenanalyse/index-2.html]
[pharaohsoft.com/wp-json/wp/v2/pages/296.json]
[pharaohsoft.com/wp-json/oembed/1.0/embed6ad9.json]
[pharaohsoft.com/wp-json/oembed/1.0/embed51a8]
[pharaohsoft.com/de/nutzungsbedingungen/index.html]
[pharaohsoft.com/wp-json/wp/v2/pages/290.json]
[pharaohsoft.com/wp-json/oembed/1.0/embed32fe.json]
[pharaohsoft.com/wp-json/oembed/1.0/embedd649]
[pharaohsoft.com/de/datenschutz-bestimmungen/index.html]
[pharaohsoft.com/wp-content/themes/pharaohsoft/assets/images/engineering/3dproducts/samples/gifs/watch.gif]
[pharaohsoft.com/wp-content/themes/pharaohsoft/assets/images/engineering/3dproducts/samples/gifs/chair.gif]
[pharaohsoft.com/wp-content/themes/pharaohsoft/assets/images/productdesign/cover.png]
[pharaohsoft.com/wp-content/themes/pharaohsoft/assets/images/engineering/poc/cover.png]
[pharaohsoft.com/GET.html]
[pharaohsoft.com/index8054.html]
[pharaohsoft.com/wp-content/themes/pharaohsoft/assets/images/about/about-us/icons/customer-focused.svg]
[pharaohsoft.com/wp-content/themes/pharaohsoft/assets/images/about/about-us/icons/quality.svg]
[pharaohsoft.com/wp-content/themes/pharaohsoft/assets/images/about/about-us/icons/passion.svg]
[pharaohsoft.com/wp-content/themes/pharaohsoft/assets/images/about/about-us/icons/team.svg]
[pharaohsoft.com/index094d.html]
[pharaohsoft.com/index5fb3.html]
[pharaohsoft.com/de/partner/index-2.html]
[pharaohsoft.com/index9787.html]
[pharaohsoft.com/index1098.html]
[pharaohsoft.com/index2cce.html]
[pharaohsoft.com/wp-json/wp/v2/categories/104.json]
[pharaohsoft.com/category/agile-transformation/index.html]
[pharaohsoft.com/category/agile-transformation/feed/index.html]
[pharaohsoft.com/category/assets-management/index.html]
[pharaohsoft.com/wp-json/wp/v2/categories/16.json]
[pharaohsoft.com/wp-json/wp/v2/categories/18.json]
[pharaohsoft.com/category/assets-management/feed/index.html]
[pharaohsoft.com/how-to-manage-technical-debt/index.html]
[pharaohsoft.com/category/digital-transformation/page/2/index.html]
[pharaohsoft.com/wp-content/uploads/2022/11/Rectangle-416.png]
[pharaohsoft.com/category/digital-transformation/index.html]
[pharaohsoft.com/in-house-vs-outsourced-mobile-app-development-services/index.html]
[pharaohsoft.com/category/digital-transformation/feed/index.html]
[pharaohsoft.com/wp-json/wp/v2/categories/20.json]
[pharaohsoft.com/category/ecommerce/feed/index.html]
[pharaohsoft.com/wp-content/uploads/2022/11/magento.png]
[pharaohsoft.com/wp-content/uploads/2022/03/3.png]
[pharaohsoft.com/category/ecommerce/index.html]
[pharaohsoft.com/wp-json/wp/v2/categories/22.json]
[pharaohsoft.com/category/enterprise-architecture/index.html]
[pharaohsoft.com/finding-a-magento-web-development-company-for-your-magento-project/index.html]
[pharaohsoft.com/category/enterprise-architecture/feed/index.html]
[pharaohsoft.com/how-to-choose-an-ecommerce-platform-magento-vs-shopify-vs-woocommerce/index.html]
[pharaohsoft.com/agile-vs-waterfall-methodology-which-is-better-for-your-next-project/index.html]
[pharaohsoft.com/wp-json/wp/v2/categories/24.json]
[pharaohsoft.com/category/news/index.html]
[pharaohsoft.com/category/news/feed/index.html]
[pharaohsoft.com/wp-json/wp/v2/categories/26.json]
[pharaohsoft.com/pharaoh-soft-ranks-high-on-goodfirms-listings/index.html]
[pharaohsoft.com/wp-content/uploads/2022/12/small-size-e1679323034716.jpg]
[pharaohsoft.com/category/technology/page/2/index.html]
[pharaohsoft.com/category/technology/index.html]
[pharaohsoft.com/category/technology/feed/index.html]
[pharaohsoft.com/wp-content/uploads/2023/05/edge-computing-large.jpg]
[pharaohsoft.com/cloud-computing-and-virtualization/index.html]
[pharaohsoft.com/wp-json/wp/v2/posts/510.json]
[pharaohsoft.com/how-much-does-it-cost-to-develop-a-mobile-app-2023/index.html]
[pharaohsoft.com/how-edge-computing-can-boost-efficiency-and-reduce-expenses/feed/index.html]
[pharaohsoft.com/wp-json/oembed/1.0/embed6811.json]
[pharaohsoft.com/wp-json/oembed/1.0/embedd404]
[pharaohsoft.com/how-edge-computing-can-boost-efficiency-and-reduce-expenses/index.html]
[pharaohsoft.com/wp-content/uploads/2023/05/meatverse-big.jpg]
[pharaohsoft.com/wp-json/wp/v2/posts/504.json]
[pharaohsoft.com/beyond-the-hype-a-grounded-perspective-on-the-metaverse-revolution/feed/index.html]
[pharaohsoft.com/wp-json/oembed/1.0/embed0e54.json]
[pharaohsoft.com/beyond-the-hype-a-grounded-perspective-on-the-metaverse-revolution/index.html]
[pharaohsoft.com/wp-json/oembed/1.0/embed16e8]
[pharaohsoft.com/wp-json/wp/v2/posts/496.json]
[pharaohsoft.com/how-digital-transformation-is-driving-customer-experience/feed/index.html]
[pharaohsoft.com/wp-json/oembed/1.0/embeda1a1.json]
[pharaohsoft.com/wp-json/oembed/1.0/embed4af4]
[pharaohsoft.com/how-digital-transformation-is-driving-customer-experience/index.html]
[pharaohsoft.com/insights/page/2/index.html]
[pharaohsoft.com/index0012.html]
[pharaohsoft.com/wp-content/themes/pharaohsoft/assets/images/digitaltransfotmation/icons/digital-transformation-consulting.svg]
[pharaohsoft.com/wp-content/themes/pharaohsoft/assets/images/digitaltransfotmation/icons/digital-science.svg]
[pharaohsoft.com/wp-content/themes/pharaohsoft/assets/images/digitaltransfotmation/icons/digital-apps.svg]
[pharaohsoft.com/wp-json/wp/v2/pages/431.json]
[pharaohsoft.com/insights/page/3/index.html]
[pharaohsoft.com/wp-json/oembed/1.0/embed42c9.json]
[pharaohsoft.com/wp-json/oembed/1.0/embed744c]
[pharaohsoft.com/wp-content/themes/pharaohsoft/assets/images/digitaltransfotmation/digital-apps/icons/custom-app-development.svg]
[pharaohsoft.com/wp-content/themes/pharaohsoft/assets/images/digitaltransfotmation/digital-apps/icons/mobile-app-development.svg]
[pharaohsoft.com/mobile-application-development/index.html]
[pharaohsoft.com/wp-content/themes/pharaohsoft/assets/images/digitaltransfotmation/digital-apps/icons/poc-development.svg]
[pharaohsoft.com/wp-content/themes/pharaohsoft/assets/images/digitaltransfotmation/digital-apps/icons/staff-augmentation.svg]
[pharaohsoft.com/poc-development/index.html]
[pharaohsoft.com/wp-content/themes/pharaohsoft/assets/images/digitaltransfotmation/digital-apps/icons/maintenance-and-support.svg]
[pharaohsoft.com/staff-augmentation/index.html]
[pharaohsoft.com/wp-content/themes/pharaohsoft/assets/images/digitaltransfotmation/digital-apps/icons/ecommerce-solution.svg]
[pharaohsoft.com/maintenance-and-support/index.html]
[pharaohsoft.com/digital-applications/index.html]
[pharaohsoft.com/wp-content/themes/pharaohsoft/assets/images/digitaltransfotmation/icons/digital-legacy.svg]
[pharaohsoft.com/wp-content/themes/pharaohsoft/assets/images/digitaltransfotmation/icons/digital-process.svg]
[pharaohsoft.com/wp-content/themes/pharaohsoft/assets/images/digitaltransfotmation/icons/digital-iot.svg]
[pharaohsoft.com/indexcb30.html]
[pharaohsoft.com/wp-content/themes/pharaohsoft/assets/images/productdesign/tabs/strategy.svg]
[pharaohsoft.com/wp-content/themes/pharaohsoft/assets/images/productdesign/tabs/research.svg]
[pharaohsoft.com/wp-content/themes/pharaohsoft/assets/images/productdesign/tabs/analysis.svg]
[pharaohsoft.com/index1e7e.html]
[pharaohsoft.com/wp-content/themes/pharaohsoft/assets/images/ecommerce/icons/shopify.svg]
[pharaohsoft.com/wp-content/themes/pharaohsoft/assets/images/ecommerce/icons/prestashop.svg]
[pharaohsoft.com/wp-content/themes/pharaohsoft/assets/images/ecommerce/icons/magento.svg]
[pharaohsoft.com/wp-content/themes/pharaohsoft/assets/images/ecommerce/icons/woocommerce.svg]
[pharaohsoft.com/wp-content/themes/pharaohsoft/assets/images/ecommerce/icons/opencart.svg]
[pharaohsoft.com/indexc4f7.html]
[pharaohsoft.com/wp-content/themes/pharaohsoft/assets/images/analytics/icons/data-analytics-strategy.svg]
[pharaohsoft.com/wp-content/themes/pharaohsoft/assets/images/analytics/icons/enterprise-data-arch.svg]
[pharaohsoft.com/wp-content/themes/pharaohsoft/assets/images/analytics/icons/data-modernization.svg]
[pharaohsoft.com/wp-content/themes/pharaohsoft/assets/images/analytics/icons/cloud.svg]
[pharaohsoft.com/wp-content/themes/pharaohsoft/assets/images/analytics/icons/visual.svg]
[pharaohsoft.com/wp-content/themes/pharaohsoft/assets/images/analytics/icons/data-analytics.svg]
[pharaohsoft.com/wp-content/themes/pharaohsoft/assets/images/analytics/icons/bi.svg]
[pharaohsoft.com/wp-content/themes/pharaohsoft/assets/images/analytics/icons/data-integration.svg]
[pharaohsoft.com/wp-content/themes/pharaohsoft/assets/images/analytics/icons/training.svg]
[pharaohsoft.com/wp-json/wp/v2/pages/243.json]
[pharaohsoft.com/3d-product-configurator/index.html]
[pharaohsoft.com/wp-json/oembed/1.0/embed5555.json]
[pharaohsoft.com/wp-json/oembed/1.0/embedf0c6]
[pharaohsoft.com/fr/recherche/index.html]
[pharaohsoft.com/index56d6.html]
[pharaohsoft.com/wp-content/uploads/2023/03/oil_blue_02.jpg]
[pharaohsoft.com/wp-json/wp/v2/posts/487.json]
[pharaohsoft.com/digital-transformation-in-the-oil-gas-industry/feed/index.html]
[pharaohsoft.com/wp-json/oembed/1.0/embedac24.json]
[pharaohsoft.com/digital-transformation-in-the-oil-gas-industry/index.html]
[pharaohsoft.com/wp-json/oembed/1.0/embed4b70]
[pharaohsoft.com/wp-content/uploads/2023/03/chatgpt-pharma-big.jpg]
[pharaohsoft.com/wp-json/wp/v2/posts/482.json]
[pharaohsoft.com/how-can-chatgpt-help-the-pharmaceutical-industry/feed/index.html]
[pharaohsoft.com/wp-json/oembed/1.0/embedb288.json]
[pharaohsoft.com/wp-json/oembed/1.0/embed1066]
[pharaohsoft.com/how-can-chatgpt-help-the-pharmaceutical-industry/index.html]
[pharaohsoft.com/wp-content/uploads/2023/03/agile-transformation-big.jpg]
[pharaohsoft.com/wp-json/wp/v2/posts/478.json]
[pharaohsoft.com/what-is-agile-transformation-and-how-can-it-help-businesses/feed/index.html]
[pharaohsoft.com/wp-json/oembed/1.0/embed600c.json]
[pharaohsoft.com/wp-json/oembed/1.0/embed966a]
[pharaohsoft.com/what-is-agile-transformation-and-how-can-it-help-businesses/index.html]
[pharaohsoft.com/wp-content/uploads/2023/03/big-size-1.jpg]
[pharaohsoft.com/wp-json/wp/v2/posts/463.json]
[pharaohsoft.com/how-to-ensure-security-in-your-next-cloud-migration/feed/index.html]
[pharaohsoft.com/wp-json/oembed/1.0/embedfd1b.json]
[pharaohsoft.com/wp-json/oembed/1.0/embed1596]
[pharaohsoft.com/how-to-ensure-security-in-your-next-cloud-migration/index.html]
[pharaohsoft.com/indexa165.html]
[pharaohsoft.com/index16bc.html]
[pharaohsoft.com/index3ee1.html]
[pharaohsoft.com/wp-content/uploads/2022/04/custom.png]
[pharaohsoft.com/fr/developpement-dapplications-personnalisees/index.html]
[pharaohsoft.com/de/kundenspezifische-entwicklung-von-apps/index.html]
[pharaohsoft.com/wp-json/wp/v2/pages/28.json]
[pharaohsoft.com/wp-json/oembed/1.0/embedfa45.json]
[pharaohsoft.com/wp-json/oembed/1.0/embed6354]
[pharaohsoft.com/wp-content/themes/pharaohsoft/assets/images/engineering/custom-app/icons/custom-app-development.svg]
[pharaohsoft.com/wp-content/themes/pharaohsoft/assets/images/engineering/custom-app/icons/portal-development.svg]
[pharaohsoft.com/wp-content/themes/pharaohsoft/assets/images/engineering/custom-app/icons/saas.svg]
[pharaohsoft.com/wp-content/themes/pharaohsoft/assets/images/engineering/custom-app/icons/ux.svg]
[pharaohsoft.com/wp-content/themes/pharaohsoft/assets/images/engineering/custom-app/icons/support.svg]
[pharaohsoft.com/wp-content/themes/pharaohsoft/assets/images/engineering/custom-app/icons/pos.svg]
[pharaohsoft.com/wp-content/themes/pharaohsoft/assets/images/general/technologies/technical/react-native.png]
[pharaohsoft.com/wp-content/themes/pharaohsoft/assets/images/general/technologies/technical/vue-js.png]
[pharaohsoft.com/wp-content/themes/pharaohsoft/assets/images/general/technologies/technical/angular-js.png]
[pharaohsoft.com/wp-content/themes/pharaohsoft/assets/images/general/technologies/technical/node.png]
[pharaohsoft.com/wp-content/themes/pharaohsoft/assets/images/general/technologies/technical/vector.png]
[pharaohsoft.com/wp-content/themes/pharaohsoft/assets/images/general/technologies/technical/laravel.png]
[pharaohsoft.com/wp-content/themes/pharaohsoft/assets/images/general/technologies/technical/python.png]
[pharaohsoft.com/wp-content/themes/pharaohsoft/assets/images/general/technologies/technical/nextjs.png]
[pharaohsoft.com/wp-content/themes/pharaohsoft/assets/images/general/technologies/technical/php.png]
[pharaohsoft.com/custom-application-development/index.html]
[pharaohsoft.com/index2af5.html]
[pharaohsoft.com/index5c97.html]
[pharaohsoft.com/wp-json/wp/v2/pages/371.json]
[pharaohsoft.com/wp-json/oembed/1.0/embedbf35.json]
[pharaohsoft.com/wp-json/oembed/1.0/embedd274]
[pharaohsoft.com/wp-content/themes/pharaohsoft/assets/images/general/trusted-by/pmi.webp]
[pharaohsoft.com/wp-content/themes/pharaohsoft/assets/images/landing/custom/arrow.svg]
[pharaohsoft.com/wp-content/themes/pharaohsoft/assets/images/landing/custom/pharaohsoft-services.png]
[pharaohsoft.com/wp-content/themes/pharaohsoft/assets/images/landing/custom/arrow-r.svg]
[pharaohsoft.com/magento-ecommerce-development-company/index.html]
[pharaohsoft.com/index87e6.html]
[pharaohsoft.com/indexd027.html]
[pharaohsoft.com/indexd1a7.html]
[pharaohsoft.com/index9c2b.html]
[pharaohsoft.com/index8e01.html]
[pharaohsoft.com/index1639.html]
[pharaohsoft.com/fr/category/gestion-dactifs/index.html]
[pharaohsoft.com/wp-json/wp/v2/categories/49.json]
[pharaohsoft.com/fr/category/larchitecture-dentreprise/feed/index.html]
[pharaohsoft.com/fr/category/gestion-dactifs/feed/index.html]
[pharaohsoft.com/wp-json/wp/v2/categories/71.json]
[pharaohsoft.com/fr/category/larchitecture-dentreprise/index.html]
[pharaohsoft.com/wp-json/wp/v2/categories/63.json]
[pharaohsoft.com/fr/category/la-technologie/index.html]
[pharaohsoft.com/wp-json/wp/v2/categories/65.json]
[pharaohsoft.com/fr/category/nouvelles/index.html]
[pharaohsoft.com/fr/category/la-technologie/feed/index.html]
[pharaohsoft.com/wp-json/wp/v2/categories/55.json]
[pharaohsoft.com/fr/category/nouvelles/feed/index.html]
[pharaohsoft.com/fr/category/transformation-numerique/index.html]
[pharaohsoft.com/wp-content/uploads/2022/03/4.png]
[pharaohsoft.com/fr/category/transformation-numerique/feed/index.html]
[pharaohsoft.com/wp-json/wp/v2/posts/251.json]
[pharaohsoft.com/fr/comment-gerer-la-dette-technique/feed/index.html]
[pharaohsoft.com/wp-json/oembed/1.0/embed37ac.json]
[pharaohsoft.com/wp-json/oembed/1.0/embed0e87]
[pharaohsoft.com/fr/comment-gerer-la-dette-technique/index.html]
[pharaohsoft.com/wp-content/uploads/2022/03/5.png]
[pharaohsoft.com/wp-json/wp/v2/posts/247.json]
[pharaohsoft.com/fr/methodologie-agile-vs-methodologie-en-cascade-laquelle-est-meilleure-pour-votre-prochain-projet/feed/index.html]
[pharaohsoft.com/wp-json/oembed/1.0/embede5ca.json]
[pharaohsoft.com/wp-json/oembed/1.0/embed78b0]
[pharaohsoft.com/fr/methodologie-agile-vs-methodologie-en-cascade-laquelle-est-meilleure-pour-votre-prochain-projet/index.html]
[pharaohsoft.com/index7b17.html]
[pharaohsoft.com/wp-json/wp/v2/pages/433.json]
[pharaohsoft.com/wp-json/oembed/1.0/embed2ddc.json]
[pharaohsoft.com/wp-json/oembed/1.0/embed3f97]
[pharaohsoft.com/fr/developpement-de-preuve-de-concept/index.html]
[pharaohsoft.com/fr/developpement-dapplications-mobiles/index.html]
[pharaohsoft.com/fr/renforcement-des-effectifs/index.html]
[pharaohsoft.com/fr/applications-numeriques/index.html]
[pharaohsoft.com/indexb50d.html]
[pharaohsoft.com/indexe4c6.html]
[pharaohsoft.com/index6452.html]
[pharaohsoft.com/index0971.html]
[pharaohsoft.com/index7398.html]
[pharaohsoft.com/fr/la-maintenance-et-le-support/index.html]
[pharaohsoft.com/wp-json/wp/v2/posts/93.json]
[pharaohsoft.com/fr/configurateur-de-produits-en-3d/index.html]
[pharaohsoft.com/clutch-selects-pharaoh-soft-as-egypts-most-prominent-app-developer-for-2021/feed/index.html]
[pharaohsoft.com/wp-json/oembed/1.0/embed4453.json]
[pharaohsoft.com/wp-json/oembed/1.0/embed2a78]
[pharaohsoft.com/clutch-selects-pharaoh-soft-as-egypts-most-prominent-app-developer-for-2021/index.html]
[pharaohsoft.com/index0c93.html]
[pharaohsoft.com/indexe2aa.html]
[pharaohsoft.com/index1d24.html]
[pharaohsoft.com/index1611.html]
[pharaohsoft.com/indexfa80.html]
[pharaohsoft.com/index8af0.html]
[pharaohsoft.com/indexbbc7.html]
[pharaohsoft.com/indexada0.html]
[pharaohsoft.com/index03e1.html]
[pharaohsoft.com/wp-json/wp/v2/categories/53.json]
[pharaohsoft.com/de/category/digitale-transformation/index.html]
[pharaohsoft.com/wp-json/wp/v2/categories/67.json]
[pharaohsoft.com/de/category/nachrichten/index.html]
[pharaohsoft.com/de/category/digitale-transformation/feed/index.html]
[pharaohsoft.com/de/category/nachrichten/feed/index.html]
[pharaohsoft.com/wp-json/wp/v2/categories/61.json]
[pharaohsoft.com/de/category/technologie/index.html]
[pharaohsoft.com/wp-json/wp/v2/categories/69.json]
[pharaohsoft.com/de/category/unternehmensstruktur/index.html]
[pharaohsoft.com/de/category/technologie/feed/index.html]
[pharaohsoft.com/wp-json/wp/v2/categories/51.json]
[pharaohsoft.com/de/category/vermoegensverwaltung/index.html]
[pharaohsoft.com/de/category/unternehmensstruktur/feed/index.html]
[pharaohsoft.com/wp-json/wp/v2/posts/253.json]
[pharaohsoft.com/de/category/vermoegensverwaltung/feed/index.html]
[pharaohsoft.com/de/wie-man-technische-schulden-verwaltet/feed/index.html]
[pharaohsoft.com/wp-json/oembed/1.0/embeddcf9.json]
[pharaohsoft.com/wp-json/oembed/1.0/embed9bb9]
[pharaohsoft.com/de/wie-man-technische-schulden-verwaltet/index.html]
[pharaohsoft.com/wp-json/wp/v2/posts/249.json]
[pharaohsoft.com/wp-json/oembed/1.0/embed8159.json]
[pharaohsoft.com/de/agile-vs-waterfall-methodik-welche-ist-besser-fuer-ihr-naechstes-projekt/feed/index.html]
[pharaohsoft.com/wp-json/oembed/1.0/embed19e5]
[pharaohsoft.com/de/agile-vs-waterfall-methodik-welche-ist-besser-fuer-ihr-naechstes-projekt/index.html]
[pharaohsoft.com/index48fd.html]
[pharaohsoft.com/wp-json/wp/v2/pages/435.json]
[pharaohsoft.com/wp-json/oembed/1.0/embedf758.json]
[pharaohsoft.com/wp-json/oembed/1.0/embede017]
[pharaohsoft.com/de/mobile-entwicklung-von-apps/index.html]
[pharaohsoft.com/de/poc-entwicklungsdienstleistungen/index.html]
[pharaohsoft.com/de/it-personalverstaerkung/index.html]
[pharaohsoft.com/de/digitale-anwendungen/index.html]
[pharaohsoft.com/index2586.html]
[pharaohsoft.com/index905c.html]
[pharaohsoft.com/indexcb89.html]
[pharaohsoft.com/indexe1a1.html]
[pharaohsoft.com/indexa215.html]
[pharaohsoft.com/index7414.html]
[pharaohsoft.com/index548d.html]
[pharaohsoft.com/index3e8e.html]
[pharaohsoft.com/index5b31.html]
[pharaohsoft.com/de/support-fuer-software-und-wartung/index.html]
[pharaohsoft.com/wp-json/wp/v2/posts/99.json]
[pharaohsoft.com/de/3d-produktkonfigurator/index.html]
[pharaohsoft.com/how-to-manage-technical-debt/feed/index.html]
[pharaohsoft.com/wp-json/oembed/1.0/embed43dc.json]
[pharaohsoft.com/wp-json/oembed/1.0/embedeab1]
[pharaohsoft.com/how-to-manage-technical-debt/index.html]
[pharaohsoft.com/category/digital-transformation/page/2/index.html]
[pharaohsoft.com/wp-content/uploads/2022/11/Rectangle-418-e1669027126949.png]
[pharaohsoft.com/custom-mobile-app-development-services/index.html]
[pharaohsoft.com/wp-json/wp/v2/posts/411.json]
[pharaohsoft.com/in-house-vs-outsourced-mobile-app-development-services/feed/index.html]
[pharaohsoft.com/wp-json/oembed/1.0/embed7745.json]
[pharaohsoft.com/in-house-vs-outsourced-mobile-app-development-services/index.html]
[pharaohsoft.com/wp-json/oembed/1.0/embed529a]
[pharaohsoft.com/wp-content/uploads/2022/11/Magento-web-development-company-e1669027028167.jpg]
[pharaohsoft.com/wp-json/wp/v2/posts/402.json]
[pharaohsoft.com/finding-a-magento-web-development-company-for-your-magento-project/feed/index.html]
[pharaohsoft.com/wp-json/oembed/1.0/embed52bc.json]
[pharaohsoft.com/wp-json/oembed/1.0/embed0874]
[pharaohsoft.com/finding-a-magento-web-development-company-for-your-magento-project/index.html]
[pharaohsoft.com/wp-content/uploads/2022/03/1-1.png]
[pharaohsoft.com/wp-json/wp/v2/posts/97.json]
[pharaohsoft.com/how-to-choose-an-ecommerce-platform-magento-vs-shopify-vs-woocommerce/feed/index.html]
[pharaohsoft.com/wp-json/oembed/1.0/embed8300.json]
[pharaohsoft.com/wp-json/oembed/1.0/embed6ef7]
[pharaohsoft.com/how-to-choose-an-ecommerce-platform-magento-vs-shopify-vs-woocommerce/index.html]
[pharaohsoft.com/wp-json/wp/v2/posts/101.json]
[pharaohsoft.com/agile-vs-waterfall-methodology-which-is-better-for-your-next-project/feed/index.html]
[pharaohsoft.com/wp-json/oembed/1.0/embed615c.json]
[pharaohsoft.com/wp-json/oembed/1.0/embed092d]
[pharaohsoft.com/agile-vs-waterfall-methodology-which-is-better-for-your-next-project/index.html]
[pharaohsoft.com/wp-json/wp/v2/posts/396.json]
[pharaohsoft.com/pharaoh-soft-ranks-high-on-goodfirms-listings/feed/index.html]
[pharaohsoft.com/wp-json/oembed/1.0/embed3536.json]
[pharaohsoft.com/wp-json/oembed/1.0/embed671b]
[pharaohsoft.com/pharaoh-soft-ranks-high-on-goodfirms-listings/index.html]
[pharaohsoft.com/wp-content/uploads/2022/03/red-method.png]
[pharaohsoft.com/wp-content/uploads/2022/03/correct-1.png]
[pharaohsoft.com/category/technology/page/2/index.html]
[pharaohsoft.com/5-reasons-why-you-should-select-an-iso-9001-certified-company-for-your-next-it-project/index.html]
[pharaohsoft.com/red-metrics-monitoring-microservices-efficiently/index.html]
[pharaohsoft.com/wp-content/uploads/2022/12/big-size.jpg]
[pharaohsoft.com/wp-json/wp/v2/posts/438.json]
[pharaohsoft.com/wp-json/oembed/1.0/embeda76d.json]
[pharaohsoft.com/cloud-computing-and-virtualization/feed/index.html]
[pharaohsoft.com/wp-json/oembed/1.0/embedc984]
[pharaohsoft.com/cloud-computing-and-virtualization/index.html]
[pharaohsoft.com/wp-json/wp/v2/posts/95.json]
[pharaohsoft.com/how-much-does-it-cost-to-develop-a-mobile-app-2023/feed/index.html]
[pharaohsoft.com/wp-json/oembed/1.0/embedc724.json]
[pharaohsoft.com/wp-json/oembed/1.0/embedab96]
[pharaohsoft.com/how-much-does-it-cost-to-develop-a-mobile-app-2023/index.html]
[pharaohsoft.com/index912b.html]
[pharaohsoft.com/indexbc6e.html]
[pharaohsoft.com/index0a18.html]
[pharaohsoft.com/insights/page/3/index.html]
[pharaohsoft.com/index88c3.html]
[pharaohsoft.com/wp-content/themes/pharaohsoft/assets/images/digitaltransfotmation/digital-apps/icons/custom-app-development.svg]
[pharaohsoft.com/wp-content/themes/pharaohsoft/assets/images/digitaltransfotmation/digital-apps/icons/mobile-app-development.svg]
[pharaohsoft.com/wp-content/uploads/2022/04/mobile.png]
[pharaohsoft.com/insights/page/4/index.html]
[pharaohsoft.com/wp-json/wp/v2/pages/39.json]
[pharaohsoft.com/wp-json/oembed/1.0/embed1c1a.json]
[pharaohsoft.com/wp-json/oembed/1.0/embed90d7]
[pharaohsoft.com/wp-content/themes/pharaohsoft/assets/images/engineering/mobile/icons/ios.svg]
[pharaohsoft.com/wp-content/themes/pharaohsoft/assets/images/engineering/mobile/icons/android.svg]
[pharaohsoft.com/wp-content/themes/pharaohsoft/assets/images/engineering/mobile/icons/flutter.svg]
[pharaohsoft.com/wp-content/themes/pharaohsoft/assets/images/engineering/mobile/icons/react.svg]
[pharaohsoft.com/wp-content/themes/pharaohsoft/assets/images/engineering/mobile/icons/consulting.svg]
[pharaohsoft.com/wp-content/themes/pharaohsoft/assets/images/engineering/mobile/icons/wearable.svg]
[pharaohsoft.com/wp-content/themes/pharaohsoft/assets/images/general/technologies/technical/flutter.png]
[pharaohsoft.com/wp-content/themes/pharaohsoft/assets/images/general/technologies/technical/swift.png]
[pharaohsoft.com/wp-content/themes/pharaohsoft/assets/images/general/technologies/technical/android.png]
[pharaohsoft.com/mobile-application-development/index.html]
[pharaohsoft.com/wp-content/themes/pharaohsoft/assets/images/digitaltransfotmation/digital-apps/icons/poc-development.svg]
[pharaohsoft.com/wp-content/uploads/2022/04/poc.png]
[pharaohsoft.com/wp-json/wp/v2/pages/45.json]
[pharaohsoft.com/wp-json/oembed/1.0/embed8b7a.json]
[pharaohsoft.com/wp-json/oembed/1.0/embed79d0]
[pharaohsoft.com/poc-development/index.html]
[pharaohsoft.com/wp-content/themes/pharaohsoft/assets/images/digitaltransfotmation/digital-apps/icons/staff-augmentation.svg]
[pharaohsoft.com/wp-content/uploads/2022/04/staff.png]
[pharaohsoft.com/wp-json/wp/v2/pages/43.json]
[pharaohsoft.com/wp-json/oembed/1.0/embedd875.json]
[pharaohsoft.com/wp-json/oembed/1.0/embed5b56]
[pharaohsoft.com/staff-augmentation/index.html]
[pharaohsoft.com/wp-content/themes/pharaohsoft/assets/images/digitaltransfotmation/digital-apps/icons/maintenance-and-support.svg]
[pharaohsoft.com/wp-content/uploads/2022/04/support.png]
[pharaohsoft.com/wp-json/wp/v2/pages/41.json]
[pharaohsoft.com/wp-json/oembed/1.0/embed669a.json]
[pharaohsoft.com/wp-json/oembed/1.0/embedafa6]
[pharaohsoft.com/wp-content/themes/pharaohsoft/assets/images/engineering/support/icons/multi-level.svg]
[pharaohsoft.com/wp-content/themes/pharaohsoft/assets/images/engineering/support/icons/solution.svg]
[pharaohsoft.com/wp-content/themes/pharaohsoft/assets/images/engineering/support/icons/troubleshooting.svg]
[pharaohsoft.com/wp-content/themes/pharaohsoft/assets/images/engineering/support/icons/advanced.svg]
[pharaohsoft.com/wp-content/themes/pharaohsoft/assets/images/engineering/support/why-should/iso-certification.png]
[pharaohsoft.com/wp-content/themes/pharaohsoft/assets/images/engineering/support/why-should/data-management.png]
[pharaohsoft.com/wp-content/themes/pharaohsoft/assets/images/engineering/support/why-should/cost-effective.png]
[pharaohsoft.com/wp-content/themes/pharaohsoft/assets/images/engineering/support/why-should/active-support.png]
[pharaohsoft.com/maintenance-and-support/index.html]
[pharaohsoft.com/wp-content/themes/pharaohsoft/assets/images/digitaltransfotmation/digital-apps/icons/ecommerce-solution.svg]
[pharaohsoft.com/wp-content/uploads/2022/04/3d.png]
[pharaohsoft.com/wp-json/wp/v2/pages/36.json]
[pharaohsoft.com/wp-json/oembed/1.0/embedd82d.json]
[pharaohsoft.com/wp-json/oembed/1.0/embed38d0]
[pharaohsoft.com/wp-content/themes/pharaohsoft/assets/images/engineering/3dproducts/3d-products.png]
[pharaohsoft.com/wp-content/themes/pharaohsoft/assets/images/engineering/3dproducts/icons/product-3d.svg]
[pharaohsoft.com/wp-content/themes/pharaohsoft/assets/images/engineering/3dproducts/icons/configurator.svg]
[pharaohsoft.com/wp-content/themes/pharaohsoft/assets/images/engineering/3dproducts/icons/price.svg]
[pharaohsoft.com/wp-content/themes/pharaohsoft/assets/images/engineering/3dproducts/icons/seamless.svg]
[pharaohsoft.com/wp-content/themes/pharaohsoft/assets/images/general/technologies/technical/blender.png]
[pharaohsoft.com/wp-content/themes/pharaohsoft/assets/images/general/technologies/technical/autodesk.png]
[pharaohsoft.com/3d-product-configurator/index.html]
[pharaohsoft.com/indexfbc5.html]
[pharaohsoft.com/indexe3b6.html]
[pharaohsoft.com/index54a8.html]
[pharaohsoft.com/index50ba.html]
[pharaohsoft.com/indexbbbc.html]
[pharaohsoft.com/wp-json/wp/v2/pages/206.json]
[pharaohsoft.com/wp-json/oembed/1.0/embed3183.json]
[pharaohsoft.com/wp-json/oembed/1.0/embed0871]
[pharaohsoft.com/fr/developpement-dapplications-personnalisees/index.html]
[pharaohsoft.com/wp-json/wp/v2/pages/208.json]
[pharaohsoft.com/wp-json/oembed/1.0/embed99d8.json]
[pharaohsoft.com/wp-json/oembed/1.0/embed2fb9]
[pharaohsoft.com/de/kundenspezifische-entwicklung-von-apps/index.html]
[pharaohsoft.com/index3c55.html]
[pharaohsoft.com/wp-content/themes/pharaohsoft/assets/images/engineering/custom-app/icons/custom-app-development.svg]
[pharaohsoft.com/wp-content/themes/pharaohsoft/assets/images/engineering/custom-app/icons/portal-development.svg]
[pharaohsoft.com/wp-content/themes/pharaohsoft/assets/images/engineering/custom-app/icons/saas.svg]
[pharaohsoft.com/wp-content/themes/pharaohsoft/assets/images/engineering/custom-app/icons/ux.svg]
[pharaohsoft.com/wp-content/themes/pharaohsoft/assets/images/engineering/custom-app/icons/support.svg]
[pharaohsoft.com/wp-content/themes/pharaohsoft/assets/images/engineering/custom-app/icons/pos.svg]
[pharaohsoft.com/index9f0a.html]
[pharaohsoft.com/wp-content/themes/pharaohsoft/assets/images/landing/custom/arrow.svg]
[pharaohsoft.com/wp-content/themes/pharaohsoft/assets/images/landing/custom/arrow-r.svg]
[pharaohsoft.com/indexd6e1.html]
[pharaohsoft.com/index8cf0.html]
[pharaohsoft.com/index1557.html]
[pharaohsoft.com/wp-json/wp/v2/pages/218.json]
[pharaohsoft.com/wp-json/oembed/1.0/embedebf3.json]
[pharaohsoft.com/wp-json/oembed/1.0/embed8f7b]
[pharaohsoft.com/fr/developpement-dapplications-mobiles/index.html]
[pharaohsoft.com/wp-json/wp/v2/pages/190.json]
[pharaohsoft.com/wp-json/oembed/1.0/embedd881.json]
[pharaohsoft.com/wp-json/oembed/1.0/embed41eb]
[pharaohsoft.com/fr/developpement-de-preuve-de-concept/index.html]
[pharaohsoft.com/wp-json/wp/v2/pages/194.json]
[pharaohsoft.com/wp-json/oembed/1.0/embede7cb.json]
[pharaohsoft.com/wp-json/oembed/1.0/embed16ce]
[pharaohsoft.com/fr/renforcement-des-effectifs/index.html]
[pharaohsoft.com/wp-json/wp/v2/pages/198.json]
[pharaohsoft.com/wp-json/oembed/1.0/embed5eea.json]
[pharaohsoft.com/wp-json/oembed/1.0/embedef0b]
[pharaohsoft.com/fr/la-maintenance-et-le-support/index.html]
[pharaohsoft.com/wp-json/wp/v2/pages/214.json]
[pharaohsoft.com/wp-json/oembed/1.0/embed39c7.json]
[pharaohsoft.com/wp-json/oembed/1.0/embed1418]
[pharaohsoft.com/fr/configurateur-de-produits-en-3d/index.html]
[pharaohsoft.com/index36d4.html]
[pharaohsoft.com/index5ed0.html]
[pharaohsoft.com/index1a93.html]
[pharaohsoft.com/index6205.html]
[pharaohsoft.com/wp-json/wp/v2/pages/220.json]
[pharaohsoft.com/wp-json/oembed/1.0/embed9642.json]
[pharaohsoft.com/wp-json/oembed/1.0/embed4201]
[pharaohsoft.com/de/mobile-entwicklung-von-apps/index.html]
[pharaohsoft.com/wp-json/wp/v2/pages/192.json]
[pharaohsoft.com/wp-json/oembed/1.0/embedaee6.json]
[pharaohsoft.com/wp-json/oembed/1.0/embed6364]
[pharaohsoft.com/de/poc-entwicklungsdienstleistungen/index.html]
[pharaohsoft.com/wp-json/wp/v2/pages/196.json]
[pharaohsoft.com/wp-json/oembed/1.0/embedcaed.json]
[pharaohsoft.com/wp-json/oembed/1.0/embed0b97]
[pharaohsoft.com/de/it-personalverstaerkung/index.html]
[pharaohsoft.com/wp-json/wp/v2/pages/200.json]
[pharaohsoft.com/wp-json/oembed/1.0/embed3c74.json]
[pharaohsoft.com/wp-json/oembed/1.0/embed0677]
[pharaohsoft.com/de/support-fuer-software-und-wartung/index.html]
[pharaohsoft.com/wp-json/wp/v2/pages/216.json]
[pharaohsoft.com/wp-json/oembed/1.0/embedf742.json]
[pharaohsoft.com/wp-json/oembed/1.0/embedb831]
[pharaohsoft.com/de/3d-produktkonfigurator/index.html]
[pharaohsoft.com/index5401.html]
[pharaohsoft.com/wp-content/uploads/2022/06/mob.png]
[pharaohsoft.com/wp-json/wp/v2/pages/364.json]
[pharaohsoft.com/wp-json/oembed/1.0/embed108a.json]
[pharaohsoft.com/wp-json/oembed/1.0/embed7617]
[pharaohsoft.com/custom-mobile-app-development-services/index.html]
[pharaohsoft.com/index8eaf.html]
[pharaohsoft.com/index2e64.html]
[pharaohsoft.com/indexb190.html]
[pharaohsoft.com/index198a.html]
[pharaohsoft.com/index2e25.html]
[pharaohsoft.com/wp-content/uploads/2022/03/3-1.png]
[pharaohsoft.com/wp-json/wp/v2/posts/90.json]
[pharaohsoft.com/wp-json/oembed/1.0/embedf3b0.json]
[pharaohsoft.com/red-metrics-monitoring-microservices-efficiently/feed/index.html]
[pharaohsoft.com/wp-json/oembed/1.0/embed315b]
[pharaohsoft.com/red-metrics-monitoring-microservices-efficiently/index.html]
[pharaohsoft.com/wp-content/uploads/2022/03/2-1.png]
[pharaohsoft.com/wp-json/wp/v2/posts/86.json]
[pharaohsoft.com/5-reasons-why-you-should-select-an-iso-9001-certified-company-for-your-next-it-project/feed/index.html]
[pharaohsoft.com/wp-json/oembed/1.0/embed0a9c.json]
[pharaohsoft.com/5-reasons-why-you-should-select-an-iso-9001-certified-company-for-your-next-it-project/index.html]
[pharaohsoft.com/wp-json/oembed/1.0/embed0a59]
[pharaohsoft.com/index9ed5.html]
[pharaohsoft.com/index5eda.html]
[pharaohsoft.com/insights/page/4/index.html]
[pharaohsoft.com/indexba52.html]
[pharaohsoft.com/wp-content/themes/pharaohsoft/assets/images/engineering/mobile/icons/ios.svg]
[pharaohsoft.com/wp-content/themes/pharaohsoft/assets/images/engineering/mobile/icons/android.svg]
[pharaohsoft.com/wp-content/themes/pharaohsoft/assets/images/engineering/mobile/icons/flutter.svg]
[pharaohsoft.com/wp-content/themes/pharaohsoft/assets/images/engineering/mobile/icons/react.svg]
[pharaohsoft.com/wp-content/themes/pharaohsoft/assets/images/engineering/mobile/icons/consulting.svg]
[pharaohsoft.com/wp-content/themes/pharaohsoft/assets/images/engineering/mobile/icons/wearable.svg]
[pharaohsoft.com/index5e74.html]
[pharaohsoft.com/index4170.html]
[pharaohsoft.com/indexcbb6.html]
[pharaohsoft.com/wp-content/themes/pharaohsoft/assets/images/engineering/support/icons/multi-level.svg]
[pharaohsoft.com/wp-content/themes/pharaohsoft/assets/images/engineering/support/icons/solution.svg]
[pharaohsoft.com/wp-content/themes/pharaohsoft/assets/images/engineering/support/icons/troubleshooting.svg]
[pharaohsoft.com/wp-content/themes/pharaohsoft/assets/images/engineering/support/icons/advanced.svg]
[pharaohsoft.com/index0d0b.html]
[pharaohsoft.com/wp-content/themes/pharaohsoft/assets/images/engineering/3dproducts/icons/product-3d.svg]
[pharaohsoft.com/wp-content/themes/pharaohsoft/assets/images/engineering/3dproducts/icons/configurator.svg]
[pharaohsoft.com/wp-content/themes/pharaohsoft/assets/images/engineering/3dproducts/icons/price.svg]
[pharaohsoft.com/wp-content/themes/pharaohsoft/assets/images/engineering/3dproducts/icons/seamless.svg]
[pharaohsoft.com/index1e11.html]
[pharaohsoft.com/index0eba.html]
[pharaohsoft.com/index5034.html]
[pharaohsoft.com/index261b.html]
[pharaohsoft.com/indexc8fa.html]
[pharaohsoft.com/indexd1c3.html]
[pharaohsoft.com/indexba1b.html]
[pharaohsoft.com/index156c.html]
[pharaohsoft.com/index5a6a.html]
[pharaohsoft.com/indexf45e.html]
[pharaohsoft.com/indexdc0d.html]
[pharaohsoft.com/index4659.html]
[pharaohsoft.com/index0364.html]
[pharaohsoft.com/wp-content/themes/pharaohsoft/index.html]
[pharaohsoft.com/wp-content/themes/pharaohsoft/assets/images/general/icons/analytics.html]
[pharaohsoft.com/wp-content/themes/pharaohsoft/assets/images/general/icons/enterprise.html]
[pharaohsoft.com/wp-content/themes/pharaohsoft/assets/images/general/icons/modernization.html]
[pharaohsoft.com/wp-content/themes/pharaohsoft/assets/images/general/icons/cloud.html]
[pharaohsoft.com/wp-content/themes/pharaohsoft/assets/images/general/icons/visual.html]
[pharaohsoft.com/wp-content/themes/pharaohsoft/assets/images/general/icons/data-analytics.html]
[pharaohsoft.com/indexeffd.html]
[pharaohsoft.com/index6213.html]
